Usage: ../../../script/gizzmo info SHARD_ID [MORE SHARD_IDS...]
