localhost/replicating_table_b_0	localhost/table_b_0	1
