localhost/table_repl_0	localhost/replicating_table_b_0	1
localhost/replicating_table_b_0	localhost/table_b_0	1
