localhost/table_a_0
localhost/table_a_1
localhost/table_a_2
localhost/table_a_3
localhost/table_a_4
localhost/table_a_5
localhost/table_a_6
localhost/table_a_7
localhost/table_a_8
localhost/table_a_9
localhost/table_b_0
localhost/table_b_1
localhost/table_b_2
localhost/table_b_3
localhost/table_b_4
localhost/table_b_5
localhost/table_b_6
localhost/table_b_7
localhost/table_b_8
localhost/table_b_9
localhost/table_repl_0
localhost/table_repl_1
localhost/table_repl_2
localhost/table_repl_3
localhost/table_repl_4
localhost/table_repl_5
localhost/table_repl_6
localhost/table_repl_7
localhost/table_repl_8
localhost/table_repl_9
