localhost/table_repl_0	com.twitter.service.flock.edges.ReplicatingShard	unbusy
localhost/table_a_0	com.twitter.service.flock.edges.SqlShard	unbusy
localhost/replicating_table_b_0	com.twitter.service.flock.edges.ReplicatingShard	unbusy
localhost/table_b_0	com.twitter.service.flock.edges.SqlShard	unbusy
localhost/table_repl_1	com.twitter.service.flock.edges.ReplicatingShard	unbusy
localhost/table_a_1	com.twitter.service.flock.edges.SqlShard	unbusy
localhost/table_b_1	com.twitter.service.flock.edges.SqlShard	unbusy
localhost/table_repl_2	com.twitter.service.flock.edges.ReplicatingShard	unbusy
localhost/table_a_2	com.twitter.service.flock.edges.SqlShard	unbusy
localhost/table_b_2	com.twitter.service.flock.edges.SqlShard	unbusy
localhost/table_repl_3	com.twitter.service.flock.edges.ReplicatingShard	unbusy
localhost/table_a_3	com.twitter.service.flock.edges.SqlShard	unbusy
localhost/table_b_3	com.twitter.service.flock.edges.SqlShard	unbusy
localhost/table_repl_4	com.twitter.service.flock.edges.ReplicatingShard	unbusy
localhost/table_a_4	com.twitter.service.flock.edges.SqlShard	unbusy
localhost/table_b_4	com.twitter.service.flock.edges.SqlShard	unbusy
localhost/table_repl_5	com.twitter.service.flock.edges.ReplicatingShard	unbusy
localhost/table_a_5	com.twitter.service.flock.edges.SqlShard	unbusy
localhost/table_b_5	com.twitter.service.flock.edges.SqlShard	unbusy
localhost/table_repl_6	com.twitter.service.flock.edges.ReplicatingShard	unbusy
localhost/table_a_6	com.twitter.service.flock.edges.SqlShard	unbusy
localhost/table_b_6	com.twitter.service.flock.edges.SqlShard	unbusy
localhost/table_repl_7	com.twitter.service.flock.edges.ReplicatingShard	unbusy
localhost/table_a_7	com.twitter.service.flock.edges.SqlShard	unbusy
localhost/table_b_7	com.twitter.service.flock.edges.SqlShard	unbusy
localhost/table_repl_8	com.twitter.service.flock.edges.ReplicatingShard	unbusy
localhost/table_a_8	com.twitter.service.flock.edges.SqlShard	unbusy
localhost/table_b_8	com.twitter.service.flock.edges.SqlShard	unbusy
localhost/table_repl_9	com.twitter.service.flock.edges.ReplicatingShard	unbusy
localhost/table_a_9	com.twitter.service.flock.edges.SqlShard	unbusy
localhost/table_b_9	com.twitter.service.flock.edges.SqlShard	unbusy
localhost/replicating_table_b_0	com.twitter.service.flock.edges.ReplicatingShard	unbusy
localhost/table_b_0	com.twitter.service.flock.edges.SqlShard	unbusy
